70 passed in 3.43s
